"","Family.Porphyromonadaceae.0001","Family.Porphyromonadaceae.0002","Family.Porphyromonadaceae.0003","Bacteroides.0001","Alistipes.0001","Family.Porphyromonadaceae.0004","Barnesiella.0001","Family.Porphyromonadaceae.0005","Lactobacillus.0001","Family.Lachnospiraceae.0001","Family.Porphyromonadaceae.0006","Family.Lachnospiraceae.0002","Kingdom.Bacteria.0001","Family.Porphyromonadaceae.0007","Family.Lachnospiraceae.0003","Family.Lachnospiraceae.0004","Oscillibacter.0001","Family.Lachnospiraceae.0005","Family.Porphyromonadaceae.0008","Family.Lachnospiraceae.0006","Lactobacillus.0002","Clostridium_XlVa.0001","Family.Porphyromonadaceae.0009","Family.Lachnospiraceae.0007","Family.Lachnospiraceae.0008","Family.Lachnospiraceae.0009","Lactobacillus.0003","Oscillibacter.0002","Family.Ruminococcaceae.0001","Family.Lachnospiraceae.0010","Family.Lachnospiraceae.0011","Family.Lachnospiraceae.0012","Family.Ruminococcaceae.0002","Family.Lachnospiraceae.0013","Family.Lachnospiraceae.0014","Family.Lachnospiraceae.0015","Family.Ruminococcaceae.0003","Family.Lachnospiraceae.0016","Family.Lachnospiraceae.0017","Anaeroplasma.0001","Family.Lachnospiraceae.0018","Family.Lachnospiraceae.0019","Kingdom.Bacteria.0002","Family.Lachnospiraceae.0020","Kingdom.Bacteria.0003","Family.Ruminococcaceae.0004","Eubacterium.0001","Family.Lachnospiraceae.0021","Family.Lachnospiraceae.0022","Family.Lachnospiraceae.0023","Family.Lachnospiraceae.0024","Family.Lachnospiraceae.0025","Clostridium_IV.0001","Family.Lachnospiraceae.0026","Family.Lachnospiraceae.0027","Turicibacter.0001","Family.Lachnospiraceae.0028","Family.Lachnospiraceae.0029","Family.Ruminococcaceae.0005","Kingdom.Bacteria.0004","Family.Lachnospiraceae.0030","Family.Lachnospiraceae.0031","Family.Porphyromonadaceae.0010","Johnsonella.0001","Family.Lachnospiraceae.0032","Family.Lachnospiraceae.0033","Family.Ruminococcaceae.0006","Family.Ruminococcaceae.0007","TM7_genus_incertae_sedis.0001","Family.Lachnospiraceae.0034","Clostridium_XlVa.0002","Family.Lachnospiraceae.0035","Family.Lachnospiraceae.0036","Family.Lachnospiraceae.0037","Roseburia.0001","Family.Lachnospiraceae.0038","Family.Lachnospiraceae.0039","Family.Lachnospiraceae.0040","Family.Lachnospiraceae.0041","Family.Lachnospiraceae.0042","Family.Lachnospiraceae.0043","Family.Lachnospiraceae.0044","Clostridium_XlVb.0001","Order.Clostridiales.0001","Order.Clostridiales.0002","Family.Ruminococcaceae.0008","Family.Lachnospiraceae.0045","Family.Lachnospiraceae.0046","Order.Clostridiales.0003","Family.Lachnospiraceae.0047","Kingdom.Bacteria.0005","Clostridium_XlVb.0002","Class.Clostridia.0001","Pseudomonas.0001","Family.Lachnospiraceae.0048","Family.Ruminococcaceae.0009","Family.Lachnospiraceae.0049","Family.Lachnospiraceae.0050","Family.Lachnospiraceae.0051","Family.Lachnospiraceae.0052","Order.Clostridiales.0004","Butyricicoccus.0001","Family.Lachnospiraceae.0053","Family.Lachnospiraceae.0054","Family.Ruminococcaceae.0010","Family.Ruminococcaceae.0011","Family.Lachnospiraceae.0055","Family.Lachnospiraceae.0056","Order.Clostridiales.0005","Family.Lachnospiraceae.0057","Family.Lachnospiraceae.0058","Family.Lachnospiraceae.0059","Enterorhabdus.0001","Family.Lachnospiraceae.0060","Family.Lachnospiraceae.0061","Family.Lachnospiraceae.0062","Escherichia_Shigella.0001","Streptococcus.0001","Family.Lachnospiraceae.0063","Family.Lachnospiraceae.0064","Family.Lachnospiraceae.0065","Family.Lachnospiraceae.0066","Oscillibacter.0003","Family.Ruminococcaceae.0013","Family.Ruminococcaceae.0014","Roseburia.0002","Order.Clostridiales.0006","Family.Lachnospiraceae.0067","Family.Ruminococcaceae.0015","Family.Lachnospiraceae.0068","Dorea.0001","Family.Lachnospiraceae.0069","Family.Lachnospiraceae.0070","Clostridium_IV.0002","Oscillibacter.0004","Family.Porphyromonadaceae.0012","Family.Ruminococcaceae.0017","Family.Lachnospiraceae.0072","Family.Lachnospiraceae.0074","Order.Clostridiales.0008","Family.Coriobacteriaceae.0001","Family.Lachnospiraceae.0075","Family.Ruminococcaceae.0018","Order.Clostridiales.0009","Oscillibacter.0005","Family.Lachnospiraceae.0076","Family.Ruminococcaceae.0019","Family.Ruminococcaceae.0020","Clostridium_XlVb.0003","Family.Erysipelotrichaceae.0001","Family.Lachnospiraceae.0084"
"F3D0",499.0,306.0,394.0,168.0,164.0,356.0,405.0,135.0,52.0,104.0,26.0,86.0,58.0,634.0,286.0,67.0,69.0,33.0,109.0,59.0,19.0,146.0,61.0,39.0,37.0,57.0,37.0,27.0,52.0,62.0,73.0,14.0,49.0,24.0,43.0,10.0,31.0,63.0,8.0,74.0,5.0,6.0,46.0,16.0,24.0,12.0,3.0,27.0,5.0,16.0,0.0,37.0,47.0,26.0,24.0,78.0,24.0,8.0,18.0,23.0,20.0,12.0,35.0,9.0,22.0,20.0,4.0,0.0,0.0,2.0,11.0,3.0,4.0,2.0,32.0,32.0,16.0,6.0,5.0,1.0,5.0,6.0,15.0,10.0,18.0,14.0,0.0,3.0,14.0,3.0,18.0,8.0,0.0,8.0,1.0,9.0,6.0,1.0,4.0,1.0,2.0,5.0,0.0,1.0,0.0,0.0,7.0,1.0,3.0,4.0,0.0,4.0,2.0,4.0,2.0,0.0,3.0,5.0,2.0,3.0,7.0,0.0,1.0,5.0,0.0,3.0,6.0,0.0,3.0,2.0,0.0,7.0,0.0,2.0,0.0,2.0,1.0,2.0,3.0,3.0,0.0,0.0,3.0,0.0,3.0,2.0,1.0,5.0,1.0,1.0,2.0
"F3D1",352.0,311.0,188.0,127.0,174.0,117.0,64.0,83.0,115.0,254.0,53.0,287.0,92.0,73.0,59.0,59.0,94.0,130.0,35.0,26.0,111.0,56.0,27.0,138.0,45.0,42.0,53.0,44.0,52.0,49.0,62.0,59.0,48.0,61.0,38.0,21.0,41.0,46.0,18.0,40.0,65.0,11.0,58.0,20.0,6.0,34.0,9.0,27.0,12.0,31.0,0.0,33.0,24.0,28.0,10.0,0.0,26.0,20.0,3.0,3.0,5.0,2.0,7.0,15.0,9.0,17.0,40.0,15.0,26.0,8.0,9.0,4.0,9.0,3.0,10.0,14.0,8.0,6.0,14.0,0.0,9.0,22.0,9.0,5.0,2.0,9.0,3.0,6.0,5.0,5.0,4.0,5.0,4.0,6.0,5.0,6.0,4.0,3.0,3.0,0.0,9.0,1.0,5.0,0.0,1.0,1.0,0.0,3.0,0.0,11.0,4.0,8.0,3.0,2.0,0.0,3.0,2.0,6.0,2.0,3.0,3.0,3.0,0.0,0.0,0.0,0.0,0.0,0.0,0.0,1.0,4.0,3.0,1.0,2.0,5.0,0.0,3.0,3.0,2.0,3.0,1.0,2.0,2.0,2.0,0.0,0.0,3.0,0.0,1.0,0.0,0.0
"F3D2",3077.0,1437.0,1065.0,354.0,1222.0,410.0,452.0,572.0,308.0,550.0,306.0,338.0,381.0,148.0,148.0,304.0,185.0,226.0,144.0,82.0,59.0,105.0,173.0,98.0,140.0,199.0,29.0,135.0,90.0,150.0,72.0,107.0,104.0,77.0,68.0,71.0,136.0,78.0,38.0,75.0,52.0,87.0,77.0,74.0,27.0,72.0,51.0,36.0,19.0,42.0,2.0,87.0,36.0,37.0,38.0,17.0,39.0,63.0,54.0,34.0,36.0,28.0,31.0,46.0,19.0,44.0,46.0,35.0,2.0,24.0,13.0,35.0,29.0,2.0,34.0,15.0,14.0,34.0,10.0,5.0,22.0,16.0,17.0,12.0,5.0,7.0,11.0,7.0,9.0,10.0,6.0,9.0,14.0,11.0,17.0,7.0,9.0,6.0,20.0,5.0,9.0,5.0,8.0,2.0,9.0,12.0,2.0,5.0,5.0,7.0,10.0,3.0,10.0,7.0,8.0,6.0,6.0,3.0,2.0,5.0,4.0,3.0,5.0,2.0,1.0,6.0,5.0,0.0,3.0,3.0,3.0,1.0,5.0,2.0,4.0,4.0,4.0,0.0,3.0,0.0,2.0,4.0,0.0,3.0,2.0,0.0,2.0,1.0,2.0,0.0,1.0
"F3D3",831.0,543.0,399.0,448.0,398.0,213.0,187.0,268.0,84.0,16.0,222.0,47.0,328.0,23.0,34.0,34.0,10.0,5.0,64.0,18.0,175.0,19.0,89.0,8.0,12.0,6.0,115.0,16.0,11.0,10.0,6.0,5.0,12.0,12.0,7.0,15.0,3.0,10.0,3.0,12.0,9.0,15.0,26.0,6.0,20.0,7.0,38.0,4.0,21.0,9.0,0.0,10.0,2.0,5.0,1.0,22.0,9.0,3.0,18.0,17.0,2.0,5.0,13.0,2.0,0.0,5.0,7.0,0.0,11.0,5.0,1.0,19.0,6.0,3.0,2.0,1.0,0.0,8.0,3.0,4.0,4.0,2.0,5.0,2.0,5.0,1.0,11.0,4.0,1.0,0.0,0.0,4.0,4.0,1.0,3.0,3.0,1.0,0.0,0.0,0.0,1.0,0.0,1.0,0.0,0.0,2.0,0.0,0.0,2.0,0.0,2.0,0.0,3.0,0.0,0.0,2.0,1.0,4.0,1.0,1.0,0.0,1.0,1.0,5.0,0.0,1.0,0.0,3.0,0.0,1.0,2.0,1.0,1.0,1.0,1.0,2.0,0.0,0.0,0.0,0.0,1.0,0.0,0.0,2.0,1.0,0.0,0.0,0.0,1.0,1.0,0.0
"F3D5",278.0,235.0,236.0,142.0,193.0,137.0,148.0,191.0,45.0,81.0,114.0,78.0,13.0,20.0,38.0,47.0,41.0,13.0,67.0,117.0,67.0,31.0,40.0,43.0,41.0,55.0,7.0,38.0,33.0,8.0,36.0,29.0,24.0,32.0,17.0,33.0,9.0,28.0,18.0,1.0,46.0,34.0,6.0,17.0,20.0,9.0,6.0,18.0,12.0,15.0,39.0,0.0,17.0,10.0,10.0,29.0,0.0,6.0,10.0,11.0,4.0,21.0,12.0,9.0,3.0,6.0,2.0,9.0,15.0,7.0,7.0,14.0,7.0,2.0,2.0,2.0,5.0,1.0,7.0,2.0,3.0,2.0,1.0,6.0,4.0,3.0,5.0,8.0,7.0,6.0,2.0,0.0,5.0,2.0,3.0,4.0,8.0,8.0,1.0,3.0,3.0,4.0,7.0,2.0,5.0,3.0,0.0,1.0,2.0,4.0,0.0,1.0,3.0,1.0,3.0,1.0,4.0,0.0,1.0,2.0,0.0,1.0,1.0,1.0,3.0,1.0,0.0,4.0,1.0,1.0,1.0,0.0,0.0,1.0,2.0,1.0,2.0,1.0,1.0,1.0,0.0,1.0,0.0,1.0,2.0,1.0,1.0,0.0,0.0,0.0,0.0
"F3D6",902.0,608.0,507.0,501.0,250.0,356.0,381.0,217.0,395.0,72.0,128.0,54.0,65.0,12.0,50.0,54.0,101.0,21.0,59.0,67.0,48.0,52.0,34.0,20.0,46.0,10.0,26.0,45.0,55.0,26.0,44.0,42.0,21.0,43.0,56.0,36.0,40.0,27.0,24.0,6.0,23.0,30.0,4.0,20.0,23.0,12.0,21.0,22.0,26.0,20.0,27.0,2.0,21.0,29.0,31.0,0.0,22.0,7.0,4.0,7.0,22.0,17.0,6.0,12.0,17.0,8.0,2.0,17.0,14.0,29.0,36.0,9.0,12.0,14.0,2.0,5.0,14.0,1.0,9.0,15.0,8.0,3.0,6.0,8.0,2.0,6.0,10.0,2.0,2.0,10.0,1.0,6.0,5.0,5.0,3.0,6.0,5.0,7.0,3.0,14.0,3.0,2.0,5.0,3.0,6.0,3.0,6.0,2.0,7.0,1.0,4.0,2.0,2.0,2.0,7.0,2.0,3.0,2.0,4.0,2.0,2.0,3.0,7.0,1.0,2.0,1.0,2.0,6.0,8.0,4.0,1.0,1.0,3.0,3.0,1.0,0.0,0.0,0.0,1.0,0.0,2.0,1.0,1.0,0.0,0.0,1.0,1.0,1.0,0.0,0.0,1.0
"F3D7",576.0,449.0,384.0,517.0,223.0,236.0,293.0,252.0,106.0,25.0,117.0,35.0,37.0,9.0,13.0,10.0,45.0,17.0,44.0,32.0,14.0,12.0,15.0,6.0,13.0,5.0,35.0,11.0,20.0,8.0,8.0,4.0,9.0,18.0,7.0,28.0,11.0,8.0,18.0,13.0,5.0,9.0,1.0,7.0,37.0,2.0,26.0,7.0,11.0,6.0,6.0,1.0,4.0,11.0,5.0,2.0,4.0,7.0,10.0,18.0,5.0,9.0,7.0,3.0,7.0,2.0,1.0,5.0,14.0,7.0,1.0,3.0,6.0,2.0,0.0,2.0,1.0,2.0,4.0,12.0,1.0,2.0,1.0,0.0,5.0,0.0,5.0,2.0,1.0,0.0,6.0,4.0,1.0,2.0,1.0,0.0,1.0,0.0,2.0,0.0,1.0,1.0,2.0,4.0,3.0,0.0,3.0,2.0,1.0,0.0,1.0,0.0,2.0,1.0,0.0,2.0,2.0,1.0,0.0,1.0,1.0,1.0,2.0,1.0,0.0,0.0,0.0,1.0,0.0,0.0,0.0,0.0,0.0,0.0,0.0,2.0,0.0,1.0,0.0,0.0,1.0,0.0,1.0,1.0,0.0,0.0,0.0,0.0,0.0,1.0,0.0
"F3D8",236.0,308.0,295.0,547.0,278.0,174.0,128.0,181.0,129.0,50.0,74.0,42.0,18.0,2.0,49.0,50.0,35.0,97.0,18.0,58.0,15.0,53.0,14.0,47.0,49.0,34.0,108.0,40.0,35.0,40.0,28.0,29.0,31.0,30.0,41.0,37.0,10.0,16.0,47.0,9.0,16.0,24.0,8.0,21.0,19.0,27.0,21.0,23.0,31.0,20.0,42.0,2.0,5.0,5.0,18.0,6.0,7.0,10.0,8.0,8.0,15.0,1.0,4.0,10.0,14.0,10.0,4.0,13.0,11.0,11.0,6.0,2.0,7.0,24.0,2.0,6.0,10.0,7.0,11.0,14.0,5.0,7.0,2.0,8.0,3.0,10.0,3.0,12.0,3.0,8.0,3.0,6.0,7.0,5.0,4.0,5.0,2.0,2.0,1.0,0.0,4.0,10.0,3.0,8.0,3.0,5.0,3.0,3.0,2.0,4.0,4.0,6.0,2.0,3.0,2.0,4.0,3.0,2.0,3.0,0.0,0.0,3.0,0.0,2.0,5.0,3.0,3.0,0.0,0.0,1.0,1.0,0.0,1.0,1.0,0.0,0.0,1.0,2.0,1.0,2.0,1.0,2.0,3.0,1.0,0.0,2.0,0.0,1.0,1.0,2.0,1.0
"F3D9",435.0,374.0,429.0,610.0,419.0,255.0,189.0,203.0,168.0,98.0,97.0,93.0,39.0,5.0,37.0,34.0,49.0,87.0,22.0,80.0,28.0,45.0,33.0,82.0,96.0,34.0,22.0,60.0,57.0,23.0,39.0,62.0,50.0,46.0,53.0,52.0,22.0,18.0,97.0,27.0,26.0,30.0,1.0,27.0,27.0,26.0,22.0,31.0,44.0,21.0,64.0,2.0,16.0,13.0,22.0,0.0,14.0,16.0,13.0,17.0,20.0,33.0,8.0,14.0,29.0,5.0,7.0,18.0,8.0,7.0,11.0,2.0,11.0,37.0,2.0,3.0,10.0,10.0,10.0,12.0,6.0,2.0,4.0,7.0,12.0,6.0,7.0,9.0,7.0,5.0,7.0,5.0,6.0,6.0,8.0,4.0,6.0,15.0,7.0,16.0,5.0,8.0,4.0,14.0,6.0,6.0,10.0,14.0,9.0,0.0,4.0,5.0,1.0,7.0,4.0,4.0,0.0,1.0,6.0,4.0,2.0,4.0,1.0,1.0,7.0,2.0,1.0,2.0,1.0,2.0,2.0,1.0,3.0,2.0,0.0,1.0,1.0,3.0,0.0,2.0,3.0,1.0,1.0,0.0,2.0,4.0,1.0,1.0,0.0,1.0,1.0
